
Не удается найти следующие файлы: 

	VirtApp.sln, 

указанные в командной строке, поэтому они не будут загружены.
